// Jest Snapshot v1, https://goo.gl/fbAQLP

exports[`Star component should render Star component 1`] = `
<div
  className="star"
>
  <svg
    height="36"
    viewBox="0 0 36 36"
    width="36"
    xmlns="http://www.w3.org/2000/svg"
  >
    <g>
      <g>
        <path
          d="M36 13.5H22.22L18.002 0l-4.22 13.5H0l11.165 8.374L6.75 36 18 27l11.25 9-4.414-14.127z"
          fill="#0aaee4"
        />
      </g>
    </g>
  </svg>
</div>
`;
