// Jest Snapshot v1, https://goo.gl/fbAQLP

exports[`HiddenWindow should render HiddenWindow component 1`] = `
<div
  className="hiddenWindow"
>
  <button
    className="playBtn"
    data-id="hidden-window-playBtn"
    onClick={[MockFunction]}
    type="button"
  >
    ►
  </button>
  <span
    className="signature"
  >
    Watch Now
  </span>
  <button
    className="infoBtn"
    data-id="hidden-window-infoBtn"
    onClick={[MockFunction]}
    type="button"
  >
    View Info
  </button>
</div>
`;
