// Jest Snapshot v1, https://goo.gl/fbAQLP

exports[`Main should render Main component with cards 1`] = `
<div
  className="movieList"
>
  <Memo()
    cardIndex={0}
    cardItem={
      Object {
        "data": "data",
        "id": 1,
      }
    }
    genresItems={
      Object {
        "12": "12",
      }
    }
    isDisplayCardDirection="line"
    key="1"
  />
</div>
`;

exports[`Main should render Main component without cards  1`] = `
<div
  className="movieList"
>
  <div
    className="noResults__wrap"
  >
    <span
      className="noResults__text"
    >
      No results
    </span>
  </div>
</div>
`;

exports[`Main should render Main component without props 1`] = `
<div
  className="movieList"
>
  <div
    className="noResults__wrap"
  >
    <span
      className="noResults__text"
    >
      No results
    </span>
  </div>
</div>
`;
