// Jest Snapshot v1, https://goo.gl/fbAQLP

exports[`Preloader component should render Preloader component 1`] = `
<div
  className="wrap"
>
  <div
    className="preloader"
  >
    <div
      className="picture"
    >
      <div
        className="child bounce1"
      />
      <div
        className="child bounce2"
      />
      <div
        className="child"
      />
    </div>
    <div
      className="text"
    >
      LOADING
    </div>
  </div>
</div>
`;
