// Jest Snapshot v1, https://goo.gl/fbAQLP

exports[`Card should render Card component with props 1`] = `
<div
  className="card__wrap"
>
  <InfoWindow
    cardItem={
      Object {
        "genres": "genres",
        "id": 9,
        "overview": "overview",
        "posterImg": "posterImg",
        "score": 9,
        "title": "title",
      }
    }
    onShowInfo={[MockFunction]}
  />
  <HiddenWindow
    onShowInfo={[MockFunction]}
    onShowTrailer={[MockFunction]}
  />
</div>
`;

exports[`Card should render Card component without props 1`] = `
<div
  className="card__wrap"
>
  <div
    className="card"
  >
    <div
      className="card__img"
      style={
        Object {
          "backgroundImage": "url(https://www.themoviedb.org/assets/2/v4/glyphicons/basic/glyphicons-basic-38-picture-grey-c2ebdbb057f2a7614185931650f8cee23fa137b93812ccb132b9df511df1cfac.svg)",
        }
      }
    />
    <button
      className="card__description"
      onClick={[MockFunction]}
      tabIndex={0}
      type="button"
    >
      <div
        className="card__title"
      >
        <h3
          className="card__title__text"
        />
        <div
          className="card__title__rating"
        >
          <span
            className="card__title__number"
          />
        </div>
      </div>
      <span
        className="card__description__genre"
      />
    </button>
  </div>
  <HiddenWindow
    onShowInfo={[MockFunction]}
    onShowTrailer={[MockFunction]}
  />
</div>
`;
