// Jest Snapshot v1, https://goo.gl/fbAQLP

exports[`Card should render Card component with props 1`] = `
<div
  className="wrap"
  style={
    Object {
      "width": "100%",
    }
  }
>
  <InfoWindow
    cardItem={
      Object {
        "genres": "genres",
        "id": 9,
        "overview": "overview",
        "posterImg": "posterImg",
        "score": 9,
        "title": "title",
      }
    }
    onShowInfo={[MockFunction]}
  />
  <HiddenWindow
    onShowInfo={[MockFunction]}
    onShowTrailer={[MockFunction]}
  />
</div>
`;

exports[`Card should render Card component without props 1`] = `
<div
  className="wrap"
  style={
    Object {
      "width": "290px",
    }
  }
>
  <div
    className="card"
  >
    <div
      className="img"
      style={
        Object {
          "backgroundImage": "url(https://www.themoviedb.org/assets/2/v4/glyphicons/basic/glyphicons-basic-38-picture-grey-c2ebdbb057f2a7614185931650f8cee23fa137b93812ccb132b9df511df1cfac.svg)",
        }
      }
    />
    <button
      className="description"
      data-id="card-description-form-movie-list"
      onClick={[MockFunction]}
      tabIndex={0}
      type="button"
    >
      <div
        className="title"
      >
        <h3
          className="titleText"
        />
        <div
          className="titleRating"
        >
          <span
            className="titleNumber"
          />
        </div>
      </div>
      <span
        className="genres"
      />
    </button>
  </div>
  <HiddenWindow
    onShowInfo={[MockFunction]}
    onShowTrailer={[MockFunction]}
  />
</div>
`;
