// Jest Snapshot v1, https://goo.gl/fbAQLP

exports[`App component should render App component without props 1`] = `
<div
  className="wrap"
>
  <BrowserRouter>
    <Switch>
      <Redirect
        exact={true}
        from="/"
        to="/film/734309"
      />
      <Route
        component={[Function]}
        path="/film/:id"
      />
      <Route
        component={[Function]}
      />
    </Switch>
  </BrowserRouter>
</div>
`;
